{"pc":0,"op":103,"gas":"0xffffffffffff2f65","stack":[],"depth":1,"returnData":"0x","refund":0,"memSize":0,"opName":"PUSH8","gasCost":"0x3"}
{"pc":9,"op":95,"gas":"0xffffffffffff2f62","stack":["0x605f5f5360015ff3"],"depth":1,"returnData":"0x","refund":0,"memSize":0,"opName":"PUSH0","gasCost":"0x2"}
{"pc":10,"op":82,"gas":"0xffffffffffff2f60","stack":["0x605f5f5360015ff3","0x0"],"depth":1,"returnData":"0x","refund":0,"memSize":0,"opName":"MSTORE","gasCost":"0x6"}
{"pc":11,"op":95,"gas":"0xffffffffffff2f5a","stack":[],"depth":1,"returnData":"0x","refund":0,"memSize":32,"opName":"PUSH0","gasCost":"0x2"}
{"pc":12,"op":95,"gas":"0xffffffffffff2f58","stack":["0x0"],"depth":1,"returnData":"0x","refund":0,"memSize":32,"opName":"PUSH0","gasCost":"0x2"}
{"pc":13,"op":95,"gas":"0xffffffffffff2f56","stack":["0x0","0x0"],"depth":1,"returnData":"0x","refund":0,"memSize":32,"opName":"PUSH0","gasCost":"0x2"}
{"pc":14,"op":95,"gas":"0xffffffffffff2f54","stack":["0x0","0x0","0x0"],"depth":1,"returnData":"0x","refund":0,"memSize":32,"opName":"PUSH0","gasCost":"0x2"}
{"pc":15,"op":95,"gas":"0xffffffffffff2f52","stack":["0x0","0x0","0x0","0x0"],"depth":1,"returnData":"0x","refund":0,"memSize":32,"opName":"PUSH0","gasCost":"0x2"}
{"pc":16,"op":96,"gas":"0xffffffffffff2f50","stack":["0x0","0x0","0x0","0x0","0x0"],"depth":1,"returnData":"0x","refund":0,"memSize":32,"opName":"PUSH1","gasCost":"0x3"}
{"pc":18,"op":96,"gas":"0xffffffffffff2f4d","stack":["0x0","0x0","0x0","0x0","0x0","0x8"],"depth":1,"returnData":"0x","refund":0,"memSize":32,"opName":"PUSH1","gasCost":"0x3"}
{"pc":20,"op":95,"gas":"0xffffffffffff2f4a","stack":["0x0","0x0","0x0","0x0","0x0","0x8","0x18"],"depth":1,"returnData":"0x","refund":0,"memSize":32,"opName":"PUSH0","gasCost":"0x2"}
{"pc":21,"op":240,"gas":"0xffffffffffff2f48","stack":["0x0","0x0","0x0","0x0","0x0","0x8","0x18","0x0"],"depth":1,"returnData":"0x","refund":0,"memSize":32,"opName":"CREATE","gasCost":"0xfbffffffffff347f"}
{"pc":0,"op":96,"gas":"0xfbfffffffffeb77d","stack":[],"depth":2,"returnData":"0x","refund":0,"memSize":0,"opName":"PUSH1","gasCost":"0x3"}
{"pc":2,"op":95,"gas":"0xfbfffffffffeb77a","stack":["0x5f"],"depth":2,"returnData":"0x","refund":0,"memSize":0,"opName":"PUSH0","gasCost":"0x2"}
{"pc":3,"op":83,"gas":"0xfbfffffffffeb778","stack":["0x5f","0x0"],"depth":2,"returnData":"0x","refund":0,"memSize":0,"opName":"MSTORE8","gasCost":"0x6"}
{"pc":4,"op":96,"gas":"0xfbfffffffffeb772","stack":[],"depth":2,"returnData":"0x","refund":0,"memSize":32,"opName":"PUSH1","gasCost":"0x3"}
{"pc":6,"op":95,"gas":"0xfbfffffffffeb76f","stack":["0x1"],"depth":2,"returnData":"0x","refund":0,"memSize":32,"opName":"PUSH0","gasCost":"0x2"}
{"pc":7,"op":243,"gas":"0xfbfffffffffeb76d","stack":["0x1","0x0"],"depth":2,"returnData":"0x","refund":0,"memSize":32,"opName":"RETURN","gasCost":"0x0"}
{"pc":22,"op":96,"gas":"0xfffffffffffeb16e","stack":["0x0","0x0","0x0","0x0","0x0","0xf4d9599afd90b5038b18e3b551bc21a97ed21c37"],"depth":1,"returnData":"0x","refund":0,"memSize":32,"opName":"PUSH1","gasCost":"0x3"}
{"pc":24,"op":241,"gas":"0xfffffffffffeb16b","stack":["0x0","0x0","0x0","0x0","0x0","0xf4d9599afd90b5038b18e3b551bc21a97ed21c37","0x1"],"depth":1,"returnData":"0x","refund":0,"memSize":32,"opName":"CALL","gasCost":"0x65"}
{"pc":0,"op":95,"gas":"0x1","stack":[],"depth":2,"returnData":"0x","refund":0,"memSize":0,"opName":"PUSH0","gasCost":"0x2","error":"out of gas"}
{"output":"0x","gasUsed":"0x14ef9","pass":true}
